{
    "picked_group_fdr - stub": {
        "content": [
            {
                "0": [
                    [
                        {
                            "id": "test"
                        },
                        "sage",
                        "test_sage_protein_groups.tsv:md5,d41d8cd98f00b204e9800998ecf8427e"
                    ]
                ],
                "1": [
                    "versions.yml:md5,52c39c0b0014748da51ccd06a0c99fde"
                ],
                "protein_groups": [
                    [
                        {
                            "id": "test"
                        },
                        "sage",
                        "test_sage_protein_groups.tsv:md5,d41d8cd98f00b204e9800998ecf8427e"
                    ]
                ],
                "versions": [
                    "versions.yml:md5,52c39c0b0014748da51ccd06a0c99fde"
                ]
            }
        ],
        "timestamp": "2026-06-18T13:41:48.179452593",
        "meta": {
            "nf-test": "0.9.5",
            "nextflow": "25.10.4"
        }
    }
}