{
    "ms2rescore - stub": {
        "content": [
            {
                "0": [
                    [
                        {
                            "id": "test"
                        },
                        "msfragger.psms.tsv:md5,d41d8cd98f00b204e9800998ecf8427e"
                    ]
                ],
                "1": [
                    [
                        {
                            "id": "test"
                        },
                        "msfragger_rescore_input.tsv:md5,d41d8cd98f00b204e9800998ecf8427e"
                    ]
                ],
                "2": [
                    
                ],
                "3": [
                    "msfragger_pipeline_log.txt:md5,d41d8cd98f00b204e9800998ecf8427e"
                ],
                "4": [
                    "versions.yml:md5,91c4f3bcfd26723a554621efa90f2795"
                ],
                "input_tsv": [
                    [
                        {
                            "id": "test"
                        },
                        "msfragger_rescore_input.tsv:md5,d41d8cd98f00b204e9800998ecf8427e"
                    ]
                ],
                "log": [
                    "msfragger_pipeline_log.txt:md5,d41d8cd98f00b204e9800998ecf8427e"
                ],
                "psms": [
                    [
                        {
                            "id": "test"
                        },
                        "msfragger.psms.tsv:md5,d41d8cd98f00b204e9800998ecf8427e"
                    ]
                ],
                "report": [
                    
                ],
                "versions": [
                    "versions.yml:md5,91c4f3bcfd26723a554621efa90f2795"
                ]
            }
        ],
        "timestamp": "2026-06-08T16:11:12.017708842",
        "meta": {
            "nf-test": "0.9.5",
            "nextflow": "25.10.4"
        }
    }
}