{
    "gatk4_fastaalternatereferencemaker - stub": {
        "content": [
            {
                "0": [
                    [
                        {
                            "id": "test"
                        },
                        "test.fasta:md5,d41d8cd98f00b204e9800998ecf8427e"
                    ]
                ],
                "1": [
                    [
                        "GATK4_FASTAALTERNATEREFERENCEMAKER",
                        "gatk4",
                        ""
                    ]
                ],
                "fasta": [
                    [
                        {
                            "id": "test"
                        },
                        "test.fasta:md5,d41d8cd98f00b204e9800998ecf8427e"
                    ]
                ],
                "versions_gatk4": [
                    [
                        "GATK4_FASTAALTERNATEREFERENCEMAKER",
                        "gatk4",
                        ""
                    ]
                ]
            }
        ],
        "timestamp": "2026-04-08T15:42:11.273465277",
        "meta": {
            "nf-test": "0.9.5",
            "nextflow": "25.10.4"
        }
    }
}