{
    "mutect2 tumour-only - stub": {
        "content": [
            [
                [
                    {
                        "id": "test"
                    },
                    "test.pass.vcf.gz:md5,68b329da9893e34099c7d8ad5cb9c940"
                ]
            ],
            [
                [
                    {
                        "id": "test"
                    },
                    "test.pass.vcf.gz.tbi:md5,d41d8cd98f00b204e9800998ecf8427e"
                ]
            ],
            [
                [
                    {
                        "id": "test"
                    },
                    "test.filtered.vcf.gz:md5,68b329da9893e34099c7d8ad5cb9c940"
                ]
            ],
            [
                [
                    {
                        "id": "test"
                    },
                    "test.contamination.table:md5,d41d8cd98f00b204e9800998ecf8427e"
                ]
            ],
            [
                "versions.yml:md5,71bf073bfa7225bc75807976b633e444"
            ]
        ],
        "timestamp": "2026-05-26T11:51:45.157037212",
        "meta": {
            "nf-test": "0.9.5",
            "nextflow": "25.10.4"
        }
    }
}