{
    "annotate_origin - stub": {
        "content": [
            {
                "0": [
                    [
                        {
                            "id": "test"
                        },
                        "integrated_peptides_origin.tsv:md5,d41d8cd98f00b204e9800998ecf8427e"
                    ]
                ],
                "1": [
                    "versions.yml:md5,94919b696d8641dc8c9125805643fa3f"
                ],
                "peptides": [
                    [
                        {
                            "id": "test"
                        },
                        "integrated_peptides_origin.tsv:md5,d41d8cd98f00b204e9800998ecf8427e"
                    ]
                ],
                "versions": [
                    "versions.yml:md5,94919b696d8641dc8c9125805643fa3f"
                ]
            }
        ],
        "timestamp": "2026-06-04T12:00:52.817801054",
        "meta": {
            "nf-test": "0.9.5",
            "nextflow": "25.10.4"
        }
    }
}