{
    "triple_translate - stub": {
        "content": [
            {
                "0": [
                    [
                        {
                            "id": "test"
                        },
                        "test_test_transcriptome_3translate.fasta:md5,d41d8cd98f00b204e9800998ecf8427e"
                    ]
                ],
                "1": [
                    [
                        {
                            "id": "test"
                        },
                        "test_test_transcriptome_tt.log:md5,d41d8cd98f00b204e9800998ecf8427e"
                    ]
                ],
                "2": [
                    "versions.yml:md5,70512b2bbfd51589228dc1cabdf70583"
                ],
                "fasta": [
                    [
                        {
                            "id": "test"
                        },
                        "test_test_transcriptome_3translate.fasta:md5,d41d8cd98f00b204e9800998ecf8427e"
                    ]
                ],
                "log": [
                    [
                        {
                            "id": "test"
                        },
                        "test_test_transcriptome_tt.log:md5,d41d8cd98f00b204e9800998ecf8427e"
                    ]
                ],
                "versions": [
                    "versions.yml:md5,70512b2bbfd51589228dc1cabdf70583"
                ]
            }
        ],
        "timestamp": "2026-04-08T15:43:03.154526305",
        "meta": {
            "nf-test": "0.9.5",
            "nextflow": "25.10.4"
        }
    }
}