{
    "squish - stub": {
        "content": [
            {
                "0": [
                    [
                        {
                            "id": "test"
                        },
                        "test_cryptic.fasta:md5,d41d8cd98f00b204e9800998ecf8427e"
                    ]
                ],
                "1": [
                    [
                        {
                            "id": "test"
                        },
                        "test_squish.log:md5,d41d8cd98f00b204e9800998ecf8427e"
                    ]
                ],
                "2": [
                    "versions.yml:md5,25ba89e41d2722779cc8fa673b929ef0"
                ],
                "fasta": [
                    [
                        {
                            "id": "test"
                        },
                        "test_cryptic.fasta:md5,d41d8cd98f00b204e9800998ecf8427e"
                    ]
                ],
                "log": [
                    [
                        {
                            "id": "test"
                        },
                        "test_squish.log:md5,d41d8cd98f00b204e9800998ecf8427e"
                    ]
                ],
                "versions": [
                    "versions.yml:md5,25ba89e41d2722779cc8fa673b929ef0"
                ]
            }
        ],
        "timestamp": "2026-04-08T15:42:52.771546414",
        "meta": {
            "nf-test": "0.9.5",
            "nextflow": "25.10.4"
        }
    }
}