{
    "revert_headers - stub": {
        "content": [
            {
                "0": [
                    [
                        {
                            "id": "test"
                        },
                        "test_alt_reverted.fasta:md5,d41d8cd98f00b204e9800998ecf8427e"
                    ]
                ],
                "1": [
                    "versions.yml:md5,3792b673669f4ba9efdcef6aff880bef"
                ],
                "fasta": [
                    [
                        {
                            "id": "test"
                        },
                        "test_alt_reverted.fasta:md5,d41d8cd98f00b204e9800998ecf8427e"
                    ]
                ],
                "versions": [
                    "versions.yml:md5,3792b673669f4ba9efdcef6aff880bef"
                ]
            }
        ],
        "timestamp": "2026-04-08T15:42:42.536563429",
        "meta": {
            "nf-test": "0.9.5",
            "nextflow": "25.10.4"
        }
    }
}