{
    "convert_peaks - stub": {
        "content": [
            {
                "0": [
                    [
                        {
                            "id": "test"
                        },
                        "peaks.pin:md5,d41d8cd98f00b204e9800998ecf8427e"
                    ]
                ],
                "1": [
                    "versions.yml:md5,64aeb1a31be16e2cc8091b7287b1778e"
                ],
                "pin": [
                    [
                        {
                            "id": "test"
                        },
                        "peaks.pin:md5,d41d8cd98f00b204e9800998ecf8427e"
                    ]
                ],
                "versions": [
                    "versions.yml:md5,64aeb1a31be16e2cc8091b7287b1778e"
                ]
            }
        ],
        "timestamp": "2026-05-26T20:43:38.692461136",
        "meta": {
            "nf-test": "0.9.5",
            "nextflow": "25.10.4"
        }
    }
}